// Jest Snapshot v1, https://goo.gl/fbAQLP

exports[`PaymentCorfimPage PaymentCorfimPage snapshot 1`] = `
<section
  className="confirm-page"
>
  <div
    className="confirm"
  >
    <a
      href="/payment"
      onClick={[Function]}
    >
      <button
        className="button + confirm-btn__cancle"
        onClick={[Function]}
        type="button"
      >
        Cancle
      </button>
    </a>
    <div
      className="confirm_bank"
    >
      <p
        className="confirm_bank-name"
      >
        Not Universal Bank
      </p>
      <svg>
        mastercardFormIcon.svg
      </svg>
      <p
        className="confirm_bank-check"
      >
        Id Check
      </p>
    </div>
    <div
      className="loader"
      data-testid="loader"
    >
      <div
        className="center loading"
      />
    </div>
    <p
      className="confirm_payment"
    >
      Press the button to confirm
    </p>
    <div
      className="confirm_info"
    >
      <div
        className="confirm_info-store"
      >
        <p>
          a store
        </p>
        <p>
          payment amount
        </p>
      </div>
      <div
        className="confirm_info-payment"
      >
        <h4
          className="confirm_info-payment_text"
        >
          Good Wine
        </h4>
        <h4
          className="confirm_info-payment_text"
        >
          $
          100
        </h4>
      </div>
    </div>
    <button
      className="button + confirm-btn__pay"
      onClick={[Function]}
      type="button"
    >
      Confirm pay
    </button>
  </div>
</section>
`;
